/Users/nishchayaroy/Downloads/StickHero-Kimetsu_no_Yaiba/src/main/java/stickhero/ObjectTransitionException.java
/Users/nishchayaroy/Downloads/StickHero-Kimetsu_no_Yaiba/src/main/java/stickhero/CharacterAnimation.java
/Users/nishchayaroy/Downloads/StickHero-Kimetsu_no_Yaiba/src/main/java/stickhero/SettingScreen.java
/Users/nishchayaroy/Downloads/StickHero-Kimetsu_no_Yaiba/src/main/java/stickhero/Blocks.java
/Users/nishchayaroy/Downloads/StickHero-Kimetsu_no_Yaiba/src/main/java/stickhero/Cherry.java
/Users/nishchayaroy/Downloads/StickHero-Kimetsu_no_Yaiba/src/main/java/com/example/finalproject/HelloController.java
/Users/nishchayaroy/Downloads/StickHero-Kimetsu_no_Yaiba/src/main/java/stickhero/Hero.java
/Users/nishchayaroy/Downloads/StickHero-Kimetsu_no_Yaiba/src/main/java/stickhero/WalkAssist.java
/Users/nishchayaroy/Downloads/StickHero-Kimetsu_no_Yaiba/src/main/java/stickhero/Constants.java
/Users/nishchayaroy/Downloads/StickHero-Kimetsu_no_Yaiba/src/main/java/stickhero/Helper.java
/Users/nishchayaroy/Downloads/StickHero-Kimetsu_no_Yaiba/src/main/java/stickhero/Stick.java
/Users/nishchayaroy/Downloads/StickHero-Kimetsu_no_Yaiba/src/main/java/stickhero/MainWindow.java
/Users/nishchayaroy/Downloads/StickHero-Kimetsu_no_Yaiba/src/main/java/stickhero/Block.java
/Users/nishchayaroy/Downloads/StickHero-Kimetsu_no_Yaiba/src/main/java/stickhero/GameEngine.java
/Users/nishchayaroy/Downloads/StickHero-Kimetsu_no_Yaiba/src/main/java/com/example/finalproject/HelloApplication.java
/Users/nishchayaroy/Downloads/StickHero-Kimetsu_no_Yaiba/src/main/java/module-info.java
/Users/nishchayaroy/Downloads/StickHero-Kimetsu_no_Yaiba/src/main/java/stickhero/GameHandler.java
/Users/nishchayaroy/Downloads/StickHero-Kimetsu_no_Yaiba/src/main/java/stickhero/Character.java
/Users/nishchayaroy/Downloads/StickHero-Kimetsu_no_Yaiba/src/main/java/stickhero/Game.java
/Users/nishchayaroy/Downloads/StickHero-Kimetsu_no_Yaiba/src/main/java/stickhero/Coordinates.java
